
> smart-transit@0.1.0 check
> npm run lint && npm test && npm run build


> smart-transit@0.1.0 lint
> eslint .


> smart-transit@0.1.0 test
> node --test Frontend/tests/*.test.js Backend/tests/*.test.js

✔ health endpoint responds (42.254375ms)
✔ student can login and load transit data (92.805167ms)
✔ student transit stays inactive until the assigned driver starts the route (222.95325ms)
✔ built-in routes serve corrected official stop coordinates over stale saved coordinates (62.149917ms)
✔ route, bus, driver, and conductor assignments match across dashboards (195.093042ms)
✔ driver dashboard uses the signed-in driver's assigned route and bus (140.0255ms)
✔ custom admin route assignments appear correctly for new driver and conductor accounts (265.15525ms)
✔ newly assigned bus starts trips with zero occupied seats even when route had older occupancy (245.775625ms)
✔ driver dashboard recovers existing named driver accounts with stale route data (74.951375ms)
✔ incomplete managed staff assignment fails closed rather than restoring template permissions (84.390375ms)
✔ assigned drivers can start their route when another route is active (164.39275ms)
✔ route stop changes stay aligned across student, staff, and admin dashboards (159.443666ms)
✔ student pickup stop does not override the GPS-based bus next stop (139.277583ms)
✔ driver phone GPS updates student and admin live tracking (214.3945ms)
✔ conductor seat update changes occupancy without advancing GPS-based route progress (160.468542ms)
✔ return trip reverses stops and supports deboarding seat updates (170.979875ms)
✔ completed driver trips can be prepared again for morning or return (51.859375ms)
✔ session endpoint validates saved backend tokens (40.864208ms)
✔ student complaint is stored and returned (43.044083ms)
✔ admin can load management bootstrap data (45.220959ms)
✔ admin bootstrap separates approval from missing transport assignment (50.1685ms)
✔ admin notifications count actual active student accounts (51.274334ms)
✔ admin can change a student's route assignment (115.382167ms)
✔ student signup uses institute email OTP verification (95.830875ms)
✔ admin can issue staff accounts and staff can sign in (106.359833ms)
✔ rejected students are blocked with a clear approval message (78.050291ms)
✔ auth endpoints rate limit repeated OTP and failed login attempts (180.521583ms)
✔ signup accepts only Indus University email domains (5.660375ms)
✔ password reset accepts only institute emails and hides unknown accounts (3.563917ms)
✔ password reset verifies emailed OTP and updates login password (141.155417ms)
✔ backend rejects role mismatches for protected operations (73.059542ms)
✔ encrypted backup preserves application state and BSON dates without plaintext (3.116875ms)
✔ backup rejects a wrong key, tampered content and truncated or unknown formats (0.815083ms)
✔ narrow credential rotation revokes only targeted sessions/challenges and preserves transport data (794.100292ms)
✔ rotation refuses changed identities, changed passwords, incomplete plans and weak replacements atomically (1663.988459ms)
✔ email settings support Brevo provider for Render (0.820875ms)
✔ email settings require Brevo API key when Brevo is selected (0.126083ms)
✔ email settings keep SMTP provider available for local Gmail (0.165625ms)
✔ GPS simulation advances, pauses, completes, expires and never edits its source route (5.1555ms)
✔ GPS simulation rejects invalid speed, coordinates and collapsed stop locations (0.149166ms)
✔ phone preview protects the app, assets and API before the independent access gate (35.706208ms)
✔ phone gate rejects incorrect codes and cross-origin writes; safe retry sets a secure cookie (23.547583ms)
✔ phone preview blocks email flows, non-build files and expires independently of sessions (21.577125ms)
✔ phone gate bounds wrong-code attempts and recovers after the rate-limit window (20.795416ms)
✔ production rejects missing/weak OTP secret and permissive or invalid CORS origins without printing values (1.172791ms)
✔ the API refuses unsafe production configuration before starting (1.1845ms)
✔ stale admin route and record forms cannot overwrite a newer saved edit (229.175875ms)
✔ complaints validate content and concurrent lost-response retries create one timestamped record (189.699708ms)
✔ implausible GPS jumps do not overwrite accepted location or stop progress (85.806167ms)
✔ notification retries publish once and reject reused IDs with different content (65.991083ms)
✔ inactive or missing route resources cannot start a trip (105.334917ms)
✔ malformed and oversized JSON are rejected without exposing server errors (6.143584ms)
✔ admin CRUD rejects invalid identity, capacity and duplicate codes; deletion revokes only the new login (187.53925ms)
✔ route edits and deletion protect assignments, active trips, student stops and completed history (131.711167ms)
✔ simulation is admin and session scoped, uses distance ETA, and makes no database writes (190.311792ms)
✔ actual departure and stop estimates persist and agree across roles without clock-based stop progress (190.05975ms)
✔ GPS upload responses retain actual-departure estimates for morning and return trips (119.953291ms)
✔ seat update responses retain actual-departure estimates for morning and return trips (160.097208ms)
✔ distance and stop arrivals use accepted GPS even away from the schematic route, in both directions (268.357458ms)
✔ stationary GPS retains distance without inventing an arrival, and stale GPS never becomes fresh (47.33625ms)
✔ unknown speed is explicitly assumed, while GPS jitter does not imply a moving bus (47.150625ms)
✔ seat updates are atomic, idempotent and authoritative, including a lost-response retry (147.292166ms)
✔ student seat freshness comes from the assigned bus recorded update, not a legacy relative label (123.041292ms)
✔ signup rejects expired, reused and brute-forced OTPs and cannot self-approve or provision staff (190.046666ms)
✔ trip transitions preserve separate journeys and reject cross-assignment writes (227.953667ms)
✔ emergency retries save once and never attach the next stop as phone GPS (60.60625ms)
✔ removing managed staff assignments cannot restore access through old template or user route fields (163.846ms)
✔ GPS rejects weak, missing, old, future and out-of-order fixes (59.368584ms)
✔ assigned staff on a second route cannot operate another route or call admin endpoints (303.239625ms)
[otp-email] Controlled QA mail outage
[password-reset-email] Controlled QA mail outage
✔ email provider failure never reports successful OTP delivery or stores a usable challenge (6.509625ms)
[smarttransit-api] POST /api/staff/emergencies Error: Controlled QA persistence outage
    at Object.<anonymous> (file:///Users/vansh/Projects/SmartTransit-Complete-Frontend%202/Backend/tests/reliability.test.js:665:70)
    at Object.apply (node:internal/test_runner/mock/mock:767:20)
    at Server.<anonymous> (file:///Users/vansh/Projects/SmartTransit-Complete-Frontend%202/Backend/apiServer.js:3100:44)
    at process.processTicksAndRejections (node:internal/process/task_queues:104:5)
✔ database write failure is unconfirmed, retains stored data, and permits a safe retry (48.884417ms)
✔ sessions with missing or malformed lifetime metadata fail closed (143.801583ms)
✔ logout, expiry, rejection, password reset and OTP limits are enforced by the server (169.785333ms)
✔ approval, complaints, assignment, sessions and trip counts survive a backend restart (178.78575ms)
✔ scheduled in-app notifications publish once when due, and read status is private and persistent (87.678666ms)
✔ administrator-confirmed coordinates persist across roles and invalid coordinates are rejected (87.413917ms)
✔ map-edited existing stops save after trip completion and survive refresh and restart for every role (167.928584ms)
✔ student notification preferences save on the server, filter notices, and survive restart (71.642959ms)
✔ JSON storage serializes concurrent writes, rolls back failed mutations and survives reopening (29.638ms)
✔ presentation cleanup keeps essential accounts and removes noisy sample data (8.745792ms)
✔ presentation cleanup can preserve a selected student account (3.501292ms)
✔ early and late departures shift stop estimates without changing the timetable (3.035083ms)
✔ journey estimates preserve midnight rollover and reject malformed or backwards schedules (0.433292ms)
✔ a saved trip plan is stable after refresh and subsequent route timetable edits (0.326709ms)
✔ API network failures use actionable language without implying authentication failed (7.460041ms)
✔ API timeouts have retry guidance and intentional cancellation is preserved (0.564958ms)
✔ API rejection status and invalid HTML response remain distinct from network failures (15.501584ms)
✔ a dropped response body is a network failure, not a successful sync (0.230209ms)
✔ a pending anonymous login cannot complete after sign-out or another session begins (3.972375ms)
✔ requests work without newer AbortSignal helpers and preserve caller cancellation (2.47825ms)
✔ reads invalidated by continuous writes have a bounded retry budget (5.878208ms)
✔ an obsolete account request cannot update connection state after sign-out (0.674208ms)
✔ a late older read cannot overwrite an already accepted newer response (0.7955ms)
✔ admin polling preserves unsaved selections and refreshes clean or removed routes (0.553708ms)
✔ dirty assignment forms retain the read version so polling cannot hide a stale edit (0.094083ms)
✔ recorded events use a real timestamp, never a permanently fresh legacy label (15.480083ms)
✔ greetings follow transport local time rather than a fixed morning label (0.290917ms)
✔ active stop arrivals use distance estimates rather than scheduled or start-based plans (0.184667ms)
✔ active stop times never fall back to the fixed timetable when estimates are missing or invalid (0.076209ms)
✔ assumed speed and GPS-passed stops are identified without displaying historical plans as arrivals (0.63025ms)
✔ SPA fallback preserves page deep links but excludes API and missing asset paths (1.723458ms)
✔ sub-1 km/h GPS speed is not rounded into the minimum ETA threshold (15.01275ms)
✔ guidance starts at the actual next stop throughout outbound and return journeys (1.620625ms)
✔ a trip without GPS does not present its departure plan as an arrival prediction (0.3295ms)
✔ only accepted sharing GPS exposes live metrics; stale and failed states retain recorded times (2.782667ms)
✔ missing departure plans and unusable GPS estimates never become fabricated live arrivals (0.409459ms)
✔ a distance-derived clock takes precedence over an old departure plan and names assumed speed (0.508375ms)
✔ map links prefer the actual place pin over a different viewport centre (0.99475ms)
✔ coordinate input supports encoded queries and negative coordinates without inventing missing locations (0.41175ms)
✔ login return paths preserve query/hash only within the authenticated role (0.449875ms)
✔ each known route has a title and private routes are not indexable (0.24775ms)
✔ reports use actual completed records without inventing dated schedules or attendance (14.557792ms)
✔ daily on-time charts use measured trips, preserve unknown days and sort chronologically (1.6835ms)
✔ accepts a complete Indus student registration (0.941958ms)
✔ requires an institute email and privacy acceptance (0.215792ms)
✔ accepts Indus University root and institute subdomain emails only (0.079334ms)
✔ ignores non-Indus extra signup domains from environment configuration (2.142583ms)
✔ requires a six digit OTP when requested (0.193166ms)
✔ rejects weak or mismatched passwords (0.095ms)
✔ requires a special character in passwords (0.069208ms)
✔ normalizes an Indian country code before phone validation (0.067625ms)
✔ production fails closed with missing or insecure backend configuration (0.955042ms)
✔ failed GPS uploads are not successful syncs, retry with a new fix, and ignore disposed trips (7.5385ms)
✔ GPS first-fix waiting and device errors are not replaced with misleading stale-location messages (1.977208ms)
✔ a late GPS upload acknowledgement cannot erase a newer permission error (0.290042ms)
✔ report records cover eight routes and fourteen days (1.077875ms)
✔ route summary preserves trip and journey totals (0.179083ms)
✔ a route without report records produces an empty summary (1.881375ms)
✔ CSV treats formula-like text as text and preserves numbers, quotes, delimiters and line breaks (3.033291ms)
✔ PDF export includes every row and wraps long text before escaping PDF strings (2.938333ms)
✔ editing an existing route targets an existing stop, not an unsaved new stop (0.71575ms)
✔ map-selected coordinates replace the selected stop in the save payload without changing other stops (0.601375ms)
✔ invalid edited coordinate fields do not silently restore the old saved pin (0.078042ms)
✔ route-save errors and active-trip restrictions remain visible inside the open editor (258.953209ms)
✔ calculates occupied and available seats (1.157875ms)
✔ rejects negative passenger counts (0.216291ms)
✔ rejects occupancy below zero or above capacity (0.081833ms)
✔ rejects non-integer passenger updates (0.061292ms)
ℹ tests 138
ℹ suites 0
ℹ pass 138
ℹ fail 0
ℹ cancelled 0
ℹ skipped 0
ℹ todo 0
ℹ duration_ms 4714.046542

> smart-transit@0.1.0 build
> vite build Frontend

vite v6.4.3 building for production...
transforming...
✓ 2307 modules transformed.
rendering chunks...
computing gzip size...
dist/index.html                                    2.22 kB │ gzip:   0.72 kB
dist/assets/SmartTransitMap-CIGW-MKW.css          15.61 kB │ gzip:   6.46 kB
dist/assets/index-Cm_hMwTe.css                   175.54 kB │ gzip:  30.32 kB
dist/assets/check-C9sWzLnK.js                      0.29 kB │ gzip:   0.24 kB
dist/assets/play-B2Dslmaw.js                       0.30 kB │ gzip:   0.25 kB
dist/assets/square-Djs9TL90.js                     0.31 kB │ gzip:   0.25 kB
dist/assets/plus-4fhupxFD.js                       0.32 kB │ gzip:   0.25 kB
dist/assets/filter-KDHfh4bz.js                     0.33 kB │ gzip:   0.26 kB
dist/assets/send-CtQIKnbb.js                       0.46 kB │ gzip:   0.33 kB
dist/assets/refresh-cw-BnIRnkuK.js                 0.48 kB │ gzip:   0.32 kB
dist/assets/id-card-DF0DzoZ-.js                    0.49 kB │ gzip:   0.34 kB
dist/assets/save-Bn5uXtzP.js                       0.50 kB │ gzip:   0.33 kB
dist/assets/shield-alert-CtW_kXJX.js               0.52 kB │ gzip:   0.36 kB
dist/assets/radio-BVuWFTXU.js                      0.54 kB │ gzip:   0.35 kB
dist/assets/calendar-clock-DKE5ZHlQ.js             0.55 kB │ gzip:   0.36 kB
dist/assets/calendar-days-C9ZS4dtb.js              0.66 kB │ gzip:   0.37 kB
dist/assets/ConductorEmergencyPage-CKwCFqIh.js     0.77 kB │ gzip:   0.48 kB
dist/assets/DriverEmergencyPage-Cl3mxhhl.js        0.83 kB │ gzip:   0.49 kB
dist/assets/useDialogFocus-SZvoOI7K.js             0.97 kB │ gzip:   0.50 kB
dist/assets/trash-2-CpoGBC36.js                    1.56 kB │ gzip:   0.57 kB
dist/assets/gpsPresentation-Clkg584_.js            1.66 kB │ gzip:   0.86 kB
dist/assets/DriverHistoryPage-578ijThd.js          2.13 kB │ gzip:   0.80 kB
dist/assets/AdminUI-CjjyQLJp.js                    2.23 kB │ gzip:   0.94 kB
dist/assets/SmartTransitMap-D4jva-WU.js            2.35 kB │ gzip:   1.23 kB
dist/assets/AdminGlobalSearchPage-DnsHK5ZQ.js      2.38 kB │ gzip:   1.05 kB
dist/assets/ConductorHistoryPage-BxRzddUH.js       2.70 kB │ gzip:   0.93 kB
dist/assets/ConductorProfilePage-DEl5nJRq.js       2.80 kB │ gzip:   0.87 kB
dist/assets/NotificationsPage-DdVYehg-.js          2.97 kB │ gzip:   1.40 kB
dist/assets/DriverProfilePage-Cn2zJ3K3.js          3.25 kB │ gzip:   1.14 kB
dist/assets/StaffUI-otZvbcCe.js                    3.48 kB │ gzip:   1.51 kB
dist/assets/AdminAssignmentsPage-C7cZTXt3.js       3.52 kB │ gzip:   1.37 kB
dist/assets/useStudentData-D_HFQx-_.js             3.76 kB │ gzip:   1.90 kB
dist/assets/ConductorHomePage-BzhPtdXa.js          4.19 kB │ gzip:   1.52 kB
dist/assets/StudentUI-CjUYr-GL.js                  4.32 kB │ gzip:   1.59 kB
dist/assets/RoutesPage-cnWt8Jx0.js                 4.63 kB │ gzip:   1.67 kB
dist/assets/DriverChecklistPage-Cia5rJaq.js        4.75 kB │ gzip:   1.75 kB
dist/assets/HelpPage-D5YXtXvH.js                   4.91 kB │ gzip:   1.84 kB
dist/assets/StudentDashboardPage-BvepaW3Y.js       5.80 kB │ gzip:   2.08 kB
dist/assets/ProfilePage-O0yRSY2O.js                5.92 kB │ gzip:   2.14 kB
dist/assets/ConductorTripPage-DIHl2aQo.js          5.92 kB │ gzip:   2.16 kB
dist/assets/DriverHomePage-DXyL5-os.js             6.31 kB │ gzip:   2.28 kB
dist/assets/AdminSystemStatesPage-AeqNG9d9.js      6.35 kB │ gzip:   2.44 kB
dist/assets/DriverTripPage-CJj0iEpr.js             6.96 kB │ gzip:   2.70 kB
dist/assets/AdminOverviewPage-Dabp2tdi.js          7.04 kB │ gzip:   2.26 kB
dist/assets/LiveTrackingPage-EQoZUzvA.js           7.63 kB │ gzip:   2.81 kB
dist/assets/AdminSimulatorPage-DpwnAFRG.js         7.66 kB │ gzip:   2.87 kB
dist/assets/AdminLiveOperationsPage-QWdr-5I4.js    7.74 kB │ gzip:   2.60 kB
dist/assets/AdminComplaintsPage-BHK8Jycz.js        8.88 kB │ gzip:   2.49 kB
dist/assets/AdminNotificationsPage-BxQsL24M.js     9.05 kB │ gzip:   2.83 kB
dist/assets/ComplaintsPage-Dq0raV5u.js             9.32 kB │ gzip:   2.96 kB
dist/assets/AdminSettingsPage-D-vRA3rA.js         14.99 kB │ gzip:   4.50 kB
dist/assets/ManagementPage-Cp3rcjBt.js            16.51 kB │ gzip:   5.22 kB
dist/assets/AdminReportsPage-BRYOkKla.js          17.78 kB │ gzip:   5.67 kB
dist/assets/AdminRoutesPage-DqIv06Jo.js           24.75 kB │ gzip:   7.97 kB
dist/assets/vendor-DpD_Ue0B.js                    50.86 kB │ gzip:  18.01 kB
dist/assets/maps-BxK-T2KC.js                     155.55 kB │ gzip:  45.38 kB
dist/assets/index-B5r6IbTo.js                    330.54 kB │ gzip:  97.16 kB
dist/assets/charts-BVbjBl-N.js                   400.11 kB │ gzip: 115.72 kB
✓ built in 2.45s
